Archive member included to satisfy reference by file (symbol)

/opt/st/stm32cubeide_1.10.1/plugins/com.st.stm32cube.ide.mcu.externaltools.gnu-tools-for-stm32.10.3-2021.10.linux64_1.0.0.202111181127/tools/bin/../lib/gcc/arm-none-eabi/10.3.1/../../../../arm-none-eabi/lib/thumb/v7e-m+fp/hard/libc_nano.a(lib_a-errno.o)
                              ./Core/Src/syscalls.o (__errno)
/opt/st/stm32cubeide_1.10.1/plugins/com.st.stm32cube.ide.mcu.externaltools.gnu-tools-for-stm32.10.3-2021.10.linux64_1.0.0.202111181127/tools/bin/../lib/gcc/arm-none-eabi/10.3.1/../../../../arm-none-eabi/lib/thumb/v7e-m+fp/hard/libc_nano.a(lib_a-exit.o)
                              /opt/st/stm32cubeide_1.10.1/plugins/com.st.stm32cube.ide.mcu.externaltools.gnu-tools-for-stm32.10.3-2021.10.linux64_1.0.0.202111181127/tools/bin/../lib/gcc/arm-none-eabi/10.3.1/../../../../arm-none-eabi/lib/thumb/v7e-m+fp/hard/crt0.o (exit)
/opt/st/stm32cubeide_1.10.1/plugins/com.st.stm32cube.ide.mcu.externaltools.gnu-tools-for-stm32.10.3-2021.10.linux64_1.0.0.202111181127/tools/bin/../lib/gcc/arm-none-eabi/10.3.1/../../../../arm-none-eabi/lib/thumb/v7e-m+fp/hard/libc_nano.a(lib_a-impure.o)
                              /opt/st/stm32cubeide_1.10.1/plugins/com.st.stm32cube.ide.mcu.externaltools.gnu-tools-for-stm32.10.3-2021.10.linux64_1.0.0.202111181127/tools/bin/../lib/gcc/arm-none-eabi/10.3.1/../../../../arm-none-eabi/lib/thumb/v7e-m+fp/hard/libc_nano.a(lib_a-exit.o) (_global_impure_ptr)
/opt/st/stm32cubeide_1.10.1/plugins/com.st.stm32cube.ide.mcu.externaltools.gnu-tools-for-stm32.10.3-2021.10.linux64_1.0.0.202111181127/tools/bin/../lib/gcc/arm-none-eabi/10.3.1/../../../../arm-none-eabi/lib/thumb/v7e-m+fp/hard/libc_nano.a(lib_a-init.o)
                              /opt/st/stm32cubeide_1.10.1/plugins/com.st.stm32cube.ide.mcu.externaltools.gnu-tools-for-stm32.10.3-2021.10.linux64_1.0.0.202111181127/tools/bin/../lib/gcc/arm-none-eabi/10.3.1/../../../../arm-none-eabi/lib/thumb/v7e-m+fp/hard/crt0.o (__libc_init_array)
/opt/st/stm32cubeide_1.10.1/plugins/com.st.stm32cube.ide.mcu.externaltools.gnu-tools-for-stm32.10.3-2021.10.linux64_1.0.0.202111181127/tools/bin/../lib/gcc/arm-none-eabi/10.3.1/../../../../arm-none-eabi/lib/thumb/v7e-m+fp/hard/libc_nano.a(lib_a-memset.o)
                              /opt/st/stm32cubeide_1.10.1/plugins/com.st.stm32cube.ide.mcu.externaltools.gnu-tools-for-stm32.10.3-2021.10.linux64_1.0.0.202111181127/tools/bin/../lib/gcc/arm-none-eabi/10.3.1/../../../../arm-none-eabi/lib/thumb/v7e-m+fp/hard/crt0.o (memset)
/opt/st/stm32cubeide_1.10.1/plugins/com.st.stm32cube.ide.mcu.externaltools.gnu-tools-for-stm32.10.3-2021.10.linux64_1.0.0.202111181127/tools/bin/../lib/gcc/arm-none-eabi/10.3.1/thumb/v7e-m+fp/hard/libgcc.a(_aeabi_ldivmod.o)
                              ./Drivers/STM32F4xx_HAL_Driver/Src/stm32f4xx_hal_rcc.o (__aeabi_ldivmod)
/opt/st/stm32cubeide_1.10.1/plugins/com.st.stm32cube.ide.mcu.externaltools.gnu-tools-for-stm32.10.3-2021.10.linux64_1.0.0.202111181127/tools/bin/../lib/gcc/arm-none-eabi/10.3.1/thumb/v7e-m+fp/hard/libgcc.a(_aeabi_uldivmod.o)
                              ./Drivers/STM32F4xx_HAL_Driver/Src/stm32f4xx_hal_rcc.o (__aeabi_uldivmod)
/opt/st/stm32cubeide_1.10.1/plugins/com.st.stm32cube.ide.mcu.externaltools.gnu-tools-for-stm32.10.3-2021.10.linux64_1.0.0.202111181127/tools/bin/../lib/gcc/arm-none-eabi/10.3.1/thumb/v7e-m+fp/hard/libgcc.a(_udivmoddi4.o)
                              /opt/st/stm32cubeide_1.10.1/plugins/com.st.stm32cube.ide.mcu.externaltools.gnu-tools-for-stm32.10.3-2021.10.linux64_1.0.0.202111181127/tools/bin/../lib/gcc/arm-none-eabi/10.3.1/thumb/v7e-m+fp/hard/libgcc.a(_aeabi_ldivmod.o) (__udivmoddi4)
/opt/st/stm32cubeide_1.10.1/plugins/com.st.stm32cube.ide.mcu.externaltools.gnu-tools-for-stm32.10.3-2021.10.linux64_1.0.0.202111181127/tools/bin/../lib/gcc/arm-none-eabi/10.3.1/thumb/v7e-m+fp/hard/libgcc.a(_dvmd_tls.o)
                              /opt/st/stm32cubeide_1.10.1/plugins/com.st.stm32cube.ide.mcu.externaltools.gnu-tools-for-stm32.10.3-2021.10.linux64_1.0.0.202111181127/tools/bin/../lib/gcc/arm-none-eabi/10.3.1/thumb/v7e-m+fp/hard/libgcc.a(_aeabi_ldivmod.o) (__aeabi_ldiv0)

Discarded input sections

 .text          0x0000000000000000        0x0 /opt/st/stm32cubeide_1.10.1/plugins/com.st.stm32cube.ide.mcu.externaltools.gnu-tools-for-stm32.10.3-2021.10.linux64_1.0.0.202111181127/tools/bin/../lib/gcc/arm-none-eabi/10.3.1/thumb/v7e-m+fp/hard/crti.o
 .data          0x0000000000000000        0x0 /opt/st/stm32cubeide_1.10.1/plugins/com.st.stm32cube.ide.mcu.externaltools.gnu-tools-for-stm32.10.3-2021.10.linux64_1.0.0.202111181127/tools/bin/../lib/gcc/arm-none-eabi/10.3.1/thumb/v7e-m+fp/hard/crti.o
 .bss           0x0000000000000000        0x0 /opt/st/stm32cubeide_1.10.1/plugins/com.st.stm32cube.ide.mcu.externaltools.gnu-tools-for-stm32.10.3-2021.10.linux64_1.0.0.202111181127/tools/bin/../lib/gcc/arm-none-eabi/10.3.1/thumb/v7e-m+fp/hard/crti.o
[...]
Memory Configuration

Name             Origin             Length             Attributes
RAM              0x0000000020000000 0x0000000000020000 xrw
FLASH            0x0000000008000000 0x0000000000080000 xr
*default*        0x0000000000000000 0xffffffffffffffff

Linker script and memory map

LOAD /opt/st/stm32cubeide_1.10.1/plugins/com.st.stm32cube.ide.mcu.externaltools.gnu-tools-for-stm32.10.3-2021.10.linux64_1.0.0.202111181127/tools/bin/../lib/gcc/arm-none-eabi/10.3.1/thumb/v7e-m+fp/hard/crti.o
LOAD /opt/st/stm32cubeide_1.10.1/plugins/com.st.stm32cube.ide.mcu.externaltools.gnu-tools-for-stm32.10.3-2021.10.linux64_1.0.0.202111181127/tools/bin/../lib/gcc/arm-none-eabi/10.3.1/thumb/v7e-m+fp/hard/crtbegin.o
LOAD /opt/st/stm32cubeide_1.10.1/plugins/com.st.stm32cube.ide.mcu.externaltools.gnu-tools-for-stm32.10.3-2021.10.linux64_1.0.0.202111181127/tools/bin/../lib/gcc/arm-none-eabi/10.3.1/../../../../arm-none-eabi/lib/thumb/v7e-m+fp/hard/crt0.o
LOAD ./Core/Src/auxiliary.o
LOAD ./Core/Src/bnb.o
LOAD ./Core/Src/daqp.o
LOAD ./Core/Src/factorization.o
LOAD ./Core/Src/main.o
LOAD ./Core/Src/mpc_workspace.o
LOAD ./Core/Src/stm32f4xx_hal_msp.o
LOAD ./Core/Src/stm32f4xx_it.o
LOAD ./Core/Src/syscalls.o
LOAD ./Core/Src/sysmem.o
LOAD ./Core/Src/system_stm32f4xx.o
LOAD ./Core/Startup/startup_stm32f411retx.o
LOAD ./Drivers/STM32F4xx_HAL_Driver/Src/stm32f4xx_hal.o
LOAD ./Drivers/STM32F4xx_HAL_Driver/Src/stm32f4xx_hal_cortex.o
LOAD ./Drivers/STM32F4xx_HAL_Driver/Src/stm32f4xx_hal_dma.o
LOAD ./Drivers/STM32F4xx_HAL_Driver/Src/stm32f4xx_hal_dma_ex.o
LOAD ./Drivers/STM32F4xx_HAL_Driver/Src/stm32f4xx_hal_exti.o
LOAD ./Drivers/STM32F4xx_HAL_Driver/Src/stm32f4xx_hal_flash.o
LOAD ./Drivers/STM32F4xx_HAL_Driver/Src/stm32f4xx_hal_flash_ex.o
LOAD ./Drivers/STM32F4xx_HAL_Driver/Src/stm32f4xx_hal_flash_ramfunc.o
LOAD ./Drivers/STM32F4xx_HAL_Driver/Src/stm32f4xx_hal_gpio.o
LOAD ./Drivers/STM32F4xx_HAL_Driver/Src/stm32f4xx_hal_pwr.o
LOAD ./Drivers/STM32F4xx_HAL_Driver/Src/stm32f4xx_hal_pwr_ex.o
LOAD ./Drivers/STM32F4xx_HAL_Driver/Src/stm32f4xx_hal_rcc.o
LOAD ./Drivers/STM32F4xx_HAL_Driver/Src/stm32f4xx_hal_rcc_ex.o
LOAD ./Drivers/STM32F4xx_HAL_Driver/Src/stm32f4xx_hal_tim.o
LOAD ./Drivers/STM32F4xx_HAL_Driver/Src/stm32f4xx_hal_tim_ex.o
LOAD ./Drivers/STM32F4xx_HAL_Driver/Src/stm32f4xx_hal_uart.o
START GROUP
LOAD /opt/st/stm32cubeide_1.10.1/plugins/com.st.stm32cube.ide.mcu.externaltools.gnu-tools-for-stm32.10.3-2021.10.linux64_1.0.0.202111181127/tools/bin/../lib/gcc/arm-none-eabi/10.3.1/../../../../arm-none-eabi/lib/thumb/v7e-m+fp/hard/libc_nano.a
LOAD /opt/st/stm32cubeide_1.10.1/plugins/com.st.stm32cube.ide.mcu.externaltools.gnu-tools-for-stm32.10.3-2021.10.linux64_1.0.0.202111181127/tools/bin/../lib/gcc/arm-none-eabi/10.3.1/../../../../arm-none-eabi/lib/thumb/v7e-m+fp/hard/libm.a
END GROUP
START GROUP
LOAD /opt/st/stm32cubeide_1.10.1/plugins/com.st.stm32cube.ide.mcu.externaltools.gnu-tools-for-stm32.10.3-2021.10.linux64_1.0.0.202111181127/tools/bin/../lib/gcc/arm-none-eabi/10.3.1/thumb/v7e-m+fp/hard/libgcc.a
LOAD /opt/st/stm32cubeide_1.10.1/plugins/com.st.stm32cube.ide.mcu.externaltools.gnu-tools-for-stm32.10.3-2021.10.linux64_1.0.0.202111181127/tools/bin/../lib/gcc/arm-none-eabi/10.3.1/../../../../arm-none-eabi/lib/thumb/v7e-m+fp/hard/libc_nano.a
END GROUP
START GROUP
LOAD /opt/st/stm32cubeide_1.10.1/plugins/com.st.stm32cube.ide.mcu.externaltools.gnu-tools-for-stm32.10.3-2021.10.linux64_1.0.0.202111181127/tools/bin/../lib/gcc/arm-none-eabi/10.3.1/thumb/v7e-m+fp/hard/libgcc.a
LOAD /opt/st/stm32cubeide_1.10.1/plugins/com.st.stm32cube.ide.mcu.externaltools.gnu-tools-for-stm32.10.3-2021.10.linux64_1.0.0.202111181127/tools/bin/../lib/gcc/arm-none-eabi/10.3.1/../../../../arm-none-eabi/lib/thumb/v7e-m+fp/hard/libc_nano.a
LOAD /opt/st/stm32cubeide_1.10.1/plugins/com.st.stm32cube.ide.mcu.externaltools.gnu-tools-for-stm32.10.3-2021.10.linux64_1.0.0.202111181127/tools/bin/../lib/gcc/arm-none-eabi/10.3.1/../../../../arm-none-eabi/lib/thumb/v7e-m+fp/hard/libnosys.a
END GROUP
START GROUP
LOAD /opt/st/stm32cubeide_1.10.1/plugins/com.st.stm32cube.ide.mcu.externaltools.gnu-tools-for-stm32.10.3-2021.10.linux64_1.0.0.202111181127/tools/bin/../lib/gcc/arm-none-eabi/10.3.1/thumb/v7e-m+fp/hard/libgcc.a
LOAD /opt/st/stm32cubeide_1.10.1/plugins/com.st.stm32cube.ide.mcu.externaltools.gnu-tools-for-stm32.10.3-2021.10.linux64_1.0.0.202111181127/tools/bin/../lib/gcc/arm-none-eabi/10.3.1/../../../../arm-none-eabi/lib/thumb/v7e-m+fp/hard/libc_nano.a
LOAD /opt/st/stm32cubeide_1.10.1/plugins/com.st.stm32cube.ide.mcu.externaltools.gnu-tools-for-stm32.10.3-2021.10.linux64_1.0.0.202111181127/tools/bin/../lib/gcc/arm-none-eabi/10.3.1/../../../../arm-none-eabi/lib/thumb/v7e-m+fp/hard/libnosys.a
END GROUP
LOAD /opt/st/stm32cubeide_1.10.1/plugins/com.st.stm32cube.ide.mcu.externaltools.gnu-tools-for-stm32.10.3-2021.10.linux64_1.0.0.202111181127/tools/bin/../lib/gcc/arm-none-eabi/10.3.1/thumb/v7e-m+fp/hard/crtend.o
LOAD /opt/st/stm32cubeide_1.10.1/plugins/com.st.stm32cube.ide.mcu.externaltools.gnu-tools-for-stm32.10.3-2021.10.linux64_1.0.0.202111181127/tools/bin/../lib/gcc/arm-none-eabi/10.3.1/thumb/v7e-m+fp/hard/crtn.o
                0x0000000020020000                _estack = (ORIGIN (RAM) + LENGTH (RAM))
                0x0000000000000200                _Min_Heap_Size = 0x200
                0x0000000000000400                _Min_Stack_Size = 0x400

.isr_vector     0x0000000008000000      0x198
                0x0000000008000000                . = ALIGN (0x4)
 *(.isr_vector)
 .isr_vector    0x0000000008000000      0x198 ./Core/Startup/startup_stm32f411retx.o
                0x0000000008000000                g_pfnVectors
                0x0000000008000198                . = ALIGN (0x4)

.text           0x0000000008000198     0x36a4
                0x0000000008000198                . = ALIGN (0x4)
 *(.text)
 .text          0x0000000008000198       0x40 /opt/st/stm32cubeide_1.10.1/plugins/com.st.stm32cube.ide.mcu.externaltools.gnu-tools-for-stm32.10.3-2021.10.linux64_1.0.0.202111181127/tools/bin/../lib/gcc/arm-none-eabi/10.3.1/thumb/v7e-m+fp/hard/crtbegin.o
 .text          0x00000000080001d8       0x30 /opt/st/stm32cubeide_1.10.1/plugins/com.st.stm32cube.ide.mcu.externaltools.gnu-tools-for-stm32.10.3-2021.10.linux64_1.0.0.202111181127/tools/bin/../lib/gcc/arm-none-eabi/10.3.1/thumb/v7e-m+fp/hard/libgcc.a(_aeabi_uldivmod.o)
                0x00000000080001d8                __aeabi_uldivmod
 .text          0x0000000008000208      0x2d0 /opt/st/stm32cubeide_1.10.1/plugins/com.st.stm32cube.ide.mcu.externaltools.gnu-tools-for-stm32.10.3-2021.10.linux64_1.0.0.202111181127/tools/bin/../lib/gcc/arm-none-eabi/10.3.1/thumb/v7e-m+fp/hard/libgcc.a(_udivmoddi4.o)
                0x0000000008000208                __udivmoddi4
 .text          0x00000000080004d8        0x4 /opt/st/stm32cubeide_1.10.1/plugins/com.st.stm32cube.ide.mcu.externaltools.gnu-tools-for-stm32.10.3-2021.10.linux64_1.0.0.202111181127/tools/bin/../lib/gcc/arm-none-eabi/10.3.1/thumb/v7e-m+fp/hard/libgcc.a(_dvmd_tls.o)
                0x00000000080004d8                __aeabi_ldiv0
                0x00000000080004d8                __aeabi_idiv0
 *(.text*)
 .text.compute_primal_and_fval
                0x00000000080004dc      0x16c ./Core/Src/auxiliary.o
                0x00000000080004dc                compute_primal_and_fval
 .text.compute_CSP
                0x0000000008000648      0x1ac ./Core/Src/auxiliary.o
                0x0000000008000648                compute_CSP
 .text.compute_singular_direction
                0x00000000080007f4       0xdc ./Core/Src/auxiliary.o
                0x00000000080007f4                compute_singular_direction
 .text.pivot_last
                0x00000000080008d0       0xa0 ./Core/Src/auxiliary.o
                0x00000000080008d0                pivot_last
 .text.remove_constraint
                0x0000000008000970       0x60 ./Core/Src/auxiliary.o
                0x0000000008000970                remove_constraint
 .text.remove_blocking
                0x00000000080009d0       0xe8 ./Core/Src/auxiliary.o
                0x00000000080009d0                remove_blocking
 .text.add_constraint
                0x0000000008000ab8       0xb8 ./Core/Src/auxiliary.o
                0x0000000008000ab8                add_constraint
 .text.add_infeasible
                0x0000000008000b70      0x23c ./Core/Src/auxiliary.o
                0x0000000008000b70                add_infeasible
 .text.activate_constraints
                0x0000000008000dac       0xcc ./Core/Src/auxiliary.o
                0x0000000008000dac                activate_constraints
 .text.get_branch_id
                0x0000000008000e78       0xe4 ./Core/Src/bnb.o
                0x0000000008000e78                get_branch_id
 .text.node_cleanup_workspace
                0x0000000008000f5c       0x64 ./Core/Src/bnb.o
                0x0000000008000f5c                node_cleanup_workspace
 .text.warmstart_node
                0x0000000008000fc0      0x11c ./Core/Src/bnb.o
                0x0000000008000fc0                warmstart_node
 .text.process_node
                0x00000000080010dc      0x1e0 ./Core/Src/bnb.o
                0x00000000080010dc                process_node
 .text.daqp_bnb
                0x00000000080012bc      0x19c ./Core/Src/bnb.o
                0x00000000080012bc                daqp_bnb
 .text.daqp_ldp
                0x0000000008001458      0x110 ./Core/Src/daqp.o
                0x0000000008001458                daqp_ldp
 .text.ldp2qp_solution
                0x0000000008001568       0xf8 ./Core/Src/daqp.o
                0x0000000008001568                ldp2qp_solution
 .text.update_LDL_add
                0x0000000008001660      0x264 ./Core/Src/factorization.o
                0x0000000008001660                update_LDL_add
 .text.update_LDL_remove
                0x00000000080018c4      0x180 ./Core/Src/factorization.o
                0x00000000080018c4                update_LDL_remove
 *fill*         0x0000000008001a44        0x4 
 .text.SystemClock_Config
                0x0000000008001a48       0xb8 ./Core/Src/main.o
                0x0000000008001a48                SystemClock_Config
 .text.startup.main
                0x0000000008001b00      0x16c ./Core/Src/main.o
                0x0000000008001b00                main
 .text.HAL_UART_RxCpltCallback
                0x0000000008001c6c       0x74 ./Core/Src/main.o
                0x0000000008001c6c                HAL_UART_RxCpltCallback
 .text.Error_Handler
                0x0000000008001ce0        0x4 ./Core/Src/main.o
                0x0000000008001ce0                Error_Handler
 .text.mpc_compute_control
                0x0000000008001ce4      0x1a8 ./Core/Src/mpc_workspace.o
                0x0000000008001ce4                mpc_compute_control
 .text.HAL_MspInit
                0x0000000008001e8c       0x3c ./Core/Src/stm32f4xx_hal_msp.o
                0x0000000008001e8c                HAL_MspInit
 .text.HAL_TIM_Base_MspInit
                0x0000000008001ec8       0x30 ./Core/Src/stm32f4xx_hal_msp.o
                0x0000000008001ec8                HAL_TIM_Base_MspInit
 .text.HAL_UART_MspInit
                0x0000000008001ef8       0xbc ./Core/Src/stm32f4xx_hal_msp.o
                0x0000000008001ef8                HAL_UART_MspInit
 .text.NMI_Handler
                0x0000000008001fb4        0x4 ./Core/Src/stm32f4xx_it.o
                0x0000000008001fb4                NMI_Handler
 .text.HardFault_Handler
                0x0000000008001fb8        0x4 ./Core/Src/stm32f4xx_it.o
                0x0000000008001fb8                HardFault_Handler
 .text.MemManage_Handler
                0x0000000008001fbc        0x4 ./Core/Src/stm32f4xx_it.o
                0x0000000008001fbc                MemManage_Handler
 .text.BusFault_Handler
                0x0000000008001fc0        0x4 ./Core/Src/stm32f4xx_it.o
                0x0000000008001fc0                BusFault_Handler
 .text.UsageFault_Handler
                0x0000000008001fc4        0x4 ./Core/Src/stm32f4xx_it.o
                0x0000000008001fc4                UsageFault_Handler
 .text.SVC_Handler
                0x0000000008001fc8        0x4 ./Core/Src/stm32f4xx_it.o
                0x0000000008001fc8                SVC_Handler
 .text.DebugMon_Handler
                0x0000000008001fcc        0x4 ./Core/Src/stm32f4xx_it.o
                0x0000000008001fcc                DebugMon_Handler
 .text.PendSV_Handler
                0x0000000008001fd0        0x4 ./Core/Src/stm32f4xx_it.o
                0x0000000008001fd0                PendSV_Handler
 .text.SysTick_Handler
                0x0000000008001fd4        0x4 ./Core/Src/stm32f4xx_it.o
                0x0000000008001fd4                SysTick_Handler
 .text.DMA1_Stream5_IRQHandler
                0x0000000008001fd8        0xc ./Core/Src/stm32f4xx_it.o
                0x0000000008001fd8                DMA1_Stream5_IRQHandler
 .text.USART2_IRQHandler
                0x0000000008001fe4        0xc ./Core/Src/stm32f4xx_it.o
                0x0000000008001fe4                USART2_IRQHandler
 .text.SystemInit
                0x0000000008001ff0       0x14 ./Core/Src/system_stm32f4xx.o
                0x0000000008001ff0                SystemInit
 .text.Reset_Handler
                0x0000000008002004       0x50 ./Core/Startup/startup_stm32f411retx.o
                0x0000000008002004                Reset_Handler
 .text.Default_Handler
                0x0000000008002054        0x2 ./Core/Startup/startup_stm32f411retx.o
                0x0000000008002054                RTC_Alarm_IRQHandler
                0x0000000008002054                EXTI2_IRQHandler
                0x0000000008002054                SPI4_IRQHandler
                0x0000000008002054                TIM1_CC_IRQHandler
                0x0000000008002054                DMA2_Stream5_IRQHandler
                0x0000000008002054                PVD_IRQHandler
                0x0000000008002054                SDIO_IRQHandler
                0x0000000008002054                TAMP_STAMP_IRQHandler
                0x0000000008002054                EXTI3_IRQHandler
                0x0000000008002054                TIM1_UP_TIM10_IRQHandler
                0x0000000008002054                I2C3_ER_IRQHandler
                0x0000000008002054                EXTI0_IRQHandler
                0x0000000008002054                I2C2_EV_IRQHandler
                0x0000000008002054                DMA1_Stream2_IRQHandler
                0x0000000008002054                FPU_IRQHandler
                0x0000000008002054                DMA2_Stream2_IRQHandler
                0x0000000008002054                SPI1_IRQHandler
                0x0000000008002054                TIM1_BRK_TIM9_IRQHandler
                0x0000000008002054                DMA2_Stream3_IRQHandler
                0x0000000008002054                USART6_IRQHandler
                0x0000000008002054                DMA2_Stream0_IRQHandler
                0x0000000008002054                TIM4_IRQHandler
                0x0000000008002054                I2C1_EV_IRQHandler
                0x0000000008002054                DMA1_Stream6_IRQHandler
                0x0000000008002054                DMA1_Stream1_IRQHandler
                0x0000000008002054                TIM3_IRQHandler
                0x0000000008002054                RCC_IRQHandler
                0x0000000008002054                Default_Handler
                0x0000000008002054                EXTI15_10_IRQHandler
                0x0000000008002054                ADC_IRQHandler
                0x0000000008002054                DMA1_Stream7_IRQHandler
                0x0000000008002054                SPI5_IRQHandler
                0x0000000008002054                TIM5_IRQHandler
                0x0000000008002054                DMA2_Stream7_IRQHandler
                0x0000000008002054                I2C3_EV_IRQHandler
                0x0000000008002054                EXTI9_5_IRQHandler
                0x0000000008002054                RTC_WKUP_IRQHandler
                0x0000000008002054                SPI2_IRQHandler
                0x0000000008002054                DMA1_Stream0_IRQHandler
                0x0000000008002054                EXTI4_IRQHandler
                0x0000000008002054                WWDG_IRQHandler
                0x0000000008002054                TIM2_IRQHandler
                0x0000000008002054                OTG_FS_WKUP_IRQHandler
                0x0000000008002054                TIM1_TRG_COM_TIM11_IRQHandler
                0x0000000008002054                EXTI1_IRQHandler
                0x0000000008002054                I2C2_ER_IRQHandler
                0x0000000008002054                DMA2_Stream1_IRQHandler
                0x0000000008002054                FLASH_IRQHandler
                0x0000000008002054                DMA2_Stream4_IRQHandler
                0x0000000008002054                USART1_IRQHandler
                0x0000000008002054                OTG_FS_IRQHandler
                0x0000000008002054                SPI3_IRQHandler
                0x0000000008002054                DMA1_Stream4_IRQHandler
                0x0000000008002054                I2C1_ER_IRQHandler
                0x0000000008002054                DMA2_Stream6_IRQHandler
                0x0000000008002054                DMA1_Stream3_IRQHandler
 *fill*         0x0000000008002056        0x2 
 .text.HAL_InitTick
                0x0000000008002058       0x48 ./Drivers/STM32F4xx_HAL_Driver/Src/stm32f4xx_hal.o
                0x0000000008002058                HAL_InitTick
 .text.HAL_Init
                0x00000000080020a0       0x34 ./Drivers/STM32F4xx_HAL_Driver/Src/stm32f4xx_hal.o
                0x00000000080020a0                HAL_Init
 .text.HAL_IncTick
                0x00000000080020d4       0x18 ./Drivers/STM32F4xx_HAL_Driver/Src/stm32f4xx_hal.o
                0x00000000080020d4                HAL_IncTick
 .text.HAL_GetTick
                0x00000000080020ec        0xc ./Drivers/STM32F4xx_HAL_Driver/Src/stm32f4xx_hal.o
                0x00000000080020ec                HAL_GetTick
 .text.HAL_Delay
                0x00000000080020f8       0x24 ./Drivers/STM32F4xx_HAL_Driver/Src/stm32f4xx_hal.o
                0x00000000080020f8                HAL_Delay
 .text.HAL_NVIC_SetPriorityGrouping
                0x000000000800211c       0x24 ./Drivers/STM32F4xx_HAL_Driver/Src/stm32f4xx_hal_cortex.o
                0x000000000800211c                HAL_NVIC_SetPriorityGrouping
 .text.HAL_NVIC_SetPriority
                0x0000000008002140       0x7c ./Drivers/STM32F4xx_HAL_Driver/Src/stm32f4xx_hal_cortex.o
                0x0000000008002140                HAL_NVIC_SetPriority
 .text.HAL_NVIC_EnableIRQ
                0x00000000080021bc       0x1c ./Drivers/STM32F4xx_HAL_Driver/Src/stm32f4xx_hal_cortex.o
                0x00000000080021bc                HAL_NVIC_EnableIRQ
 .text.HAL_SYSTICK_Config
                0x00000000080021d8       0x34 ./Drivers/STM32F4xx_HAL_Driver/Src/stm32f4xx_hal_cortex.o
                0x00000000080021d8                HAL_SYSTICK_Config
 .text.HAL_DMA_Init
                0x000000000800220c      0x130 ./Drivers/STM32F4xx_HAL_Driver/Src/stm32f4xx_hal_dma.o
                0x000000000800220c                HAL_DMA_Init
 .text.HAL_DMA_Start_IT
                0x000000000800233c       0x80 ./Drivers/STM32F4xx_HAL_Driver/Src/stm32f4xx_hal_dma.o
                0x000000000800233c                HAL_DMA_Start_IT
 .text.HAL_DMA_Abort
                0x00000000080023bc       0x90 ./Drivers/STM32F4xx_HAL_Driver/Src/stm32f4xx_hal_dma.o
                0x00000000080023bc                HAL_DMA_Abort
 .text.HAL_DMA_Abort_IT
                0x000000000800244c       0x24 ./Drivers/STM32F4xx_HAL_Driver/Src/stm32f4xx_hal_dma.o
                0x000000000800244c                HAL_DMA_Abort_IT
 .text.HAL_DMA_IRQHandler
                0x0000000008002470      0x1e0 ./Drivers/STM32F4xx_HAL_Driver/Src/stm32f4xx_hal_dma.o
                0x0000000008002470                HAL_DMA_IRQHandler
 .text.HAL_GPIO_Init
                0x0000000008002650      0x1e4 ./Drivers/STM32F4xx_HAL_Driver/Src/stm32f4xx_hal_gpio.o
                0x0000000008002650                HAL_GPIO_Init
 .text.HAL_GPIO_WritePin
                0x0000000008002834        0x8 ./Drivers/STM32F4xx_HAL_Driver/Src/stm32f4xx_hal_gpio.o
                0x0000000008002834                HAL_GPIO_WritePin
 .text.HAL_GPIO_TogglePin
                0x000000000800283c       0x14 ./Drivers/STM32F4xx_HAL_Driver/Src/stm32f4xx_hal_gpio.o
                0x000000000800283c                HAL_GPIO_TogglePin
 .text.HAL_RCC_OscConfig
                0x0000000008002850      0x3c8 ./Drivers/STM32F4xx_HAL_Driver/Src/stm32f4xx_hal_rcc.o
                0x0000000008002850                HAL_RCC_OscConfig
 .text.HAL_RCC_GetSysClockFreq
                0x0000000008002c18       0x68 ./Drivers/STM32F4xx_HAL_Driver/Src/stm32f4xx_hal_rcc.o
                0x0000000008002c18                HAL_RCC_GetSysClockFreq
 .text.HAL_RCC_ClockConfig
                0x0000000008002c80      0x13c ./Drivers/STM32F4xx_HAL_Driver/Src/stm32f4xx_hal_rcc.o
                0x0000000008002c80                HAL_RCC_ClockConfig
 .text.HAL_RCC_GetPCLK1Freq
                0x0000000008002dbc       0x20 ./Drivers/STM32F4xx_HAL_Driver/Src/stm32f4xx_hal_rcc.o
                0x0000000008002dbc                HAL_RCC_GetPCLK1Freq
 .text.HAL_RCC_GetPCLK2Freq
                0x0000000008002ddc       0x20 ./Drivers/STM32F4xx_HAL_Driver/Src/stm32f4xx_hal_rcc.o
                0x0000000008002ddc                HAL_RCC_GetPCLK2Freq
 .text.HAL_TIM_Base_Init
                0x0000000008002dfc       0xfc ./Drivers/STM32F4xx_HAL_Driver/Src/stm32f4xx_hal_tim.o
                0x0000000008002dfc                HAL_TIM_Base_Init
 .text.HAL_UART_Init
                0x0000000008002ef8      0x134 ./Drivers/STM32F4xx_HAL_Driver/Src/stm32f4xx_hal_uart.o
                0x0000000008002ef8                HAL_UART_Init
 .text.HAL_UART_Transmit
                0x000000000800302c      0x15c ./Drivers/STM32F4xx_HAL_Driver/Src/stm32f4xx_hal_uart.o
                0x000000000800302c                HAL_UART_Transmit
 .text.HAL_UART_TxCpltCallback
                0x0000000008003188        0x4 ./Drivers/STM32F4xx_HAL_Driver/Src/stm32f4xx_hal_uart.o
                0x0000000008003188                HAL_UART_TxCpltCallback
 .text.HAL_UART_RxHalfCpltCallback
                0x000000000800318c        0x4 ./Drivers/STM32F4xx_HAL_Driver/Src/stm32f4xx_hal_uart.o
                0x000000000800318c                HAL_UART_RxHalfCpltCallback
 .text.HAL_UART_ErrorCallback
                0x0000000008003190        0x4 ./Drivers/STM32F4xx_HAL_Driver/Src/stm32f4xx_hal_uart.o
                0x0000000008003190                HAL_UART_ErrorCallback
 .text.UART_DMAError
                0x0000000008003194       0xbc ./Drivers/STM32F4xx_HAL_Driver/Src/stm32f4xx_hal_uart.o
 .text.UART_DMAAbortOnError
                0x0000000008003250       0x10 ./Drivers/STM32F4xx_HAL_Driver/Src/stm32f4xx_hal_uart.o
 .text.HAL_UARTEx_RxEventCallback
                0x0000000008003260        0x4 ./Drivers/STM32F4xx_HAL_Driver/Src/stm32f4xx_hal_uart.o
                0x0000000008003260                HAL_UARTEx_RxEventCallback
 .text.UART_DMARxHalfCplt
                0x0000000008003264       0x1c ./Drivers/STM32F4xx_HAL_Driver/Src/stm32f4xx_hal_uart.o
 .text.UART_DMAReceiveCplt
                0x0000000008003280       0x94 ./Drivers/STM32F4xx_HAL_Driver/Src/stm32f4xx_hal_uart.o
 .text.UART_Receive_IT.part.0.isra.0
                0x0000000008003314       0xcc ./Drivers/STM32F4xx_HAL_Driver/Src/stm32f4xx_hal_uart.o
 .text.HAL_UART_IRQHandler
                0x00000000080033e0      0x314 ./Drivers/STM32F4xx_HAL_Driver/Src/stm32f4xx_hal_uart.o
                0x00000000080033e0                HAL_UART_IRQHandler
 .text.UART_Start_Receive_DMA
                0x00000000080036f4       0xa0 ./Drivers/STM32F4xx_HAL_Driver/Src/stm32f4xx_hal_uart.o
                0x00000000080036f4                UART_Start_Receive_DMA
 .text.HAL_UART_Receive_DMA
                0x0000000008003794       0x38 ./Drivers/STM32F4xx_HAL_Driver/Src/stm32f4xx_hal_uart.o
                0x0000000008003794                HAL_UART_Receive_DMA
 .text.__libc_init_array
                0x00000000080037cc       0x48 /opt/st/stm32cubeide_1.10.1/plugins/com.st.stm32cube.ide.mcu.externaltools.gnu-tools-for-stm32.10.3-2021.10.linux64_1.0.0.202111181127/tools/bin/../lib/gcc/arm-none-eabi/10.3.1/../../../../arm-none-eabi/lib/thumb/v7e-m+fp/hard/libc_nano.a(lib_a-init.o)
                0x00000000080037cc                __libc_init_array
 .text.memset   0x0000000008003814       0x10 /opt/st/stm32cubeide_1.10.1/plugins/com.st.stm32cube.ide.mcu.externaltools.gnu-tools-for-stm32.10.3-2021.10.linux64_1.0.0.202111181127/tools/bin/../lib/gcc/arm-none-eabi/10.3.1/../../../../arm-none-eabi/lib/thumb/v7e-m+fp/hard/libc_nano.a(lib_a-memset.o)
                0x0000000008003814                memset
 *(.glue_7)
 .glue_7        0x0000000008003824        0x0 linker stubs
 *(.glue_7t)
 .glue_7t       0x0000000008003824        0x0 linker stubs
 *(.eh_frame)
 .eh_frame      0x0000000008003824        0x0 /opt/st/stm32cubeide_1.10.1/plugins/com.st.stm32cube.ide.mcu.externaltools.gnu-tools-for-stm32.10.3-2021.10.linux64_1.0.0.202111181127/tools/bin/../lib/gcc/arm-none-eabi/10.3.1/thumb/v7e-m+fp/hard/crtbegin.o
 *(.init)
 .init          0x0000000008003824        0x4 /opt/st/stm32cubeide_1.10.1/plugins/com.st.stm32cube.ide.mcu.externaltools.gnu-tools-for-stm32.10.3-2021.10.linux64_1.0.0.202111181127/tools/bin/../lib/gcc/arm-none-eabi/10.3.1/thumb/v7e-m+fp/hard/crti.o
                0x0000000008003824                _init
 .init          0x0000000008003828        0x8 /opt/st/stm32cubeide_1.10.1/plugins/com.st.stm32cube.ide.mcu.externaltools.gnu-tools-for-stm32.10.3-2021.10.linux64_1.0.0.202111181127/tools/bin/../lib/gcc/arm-none-eabi/10.3.1/thumb/v7e-m+fp/hard/crtn.o
 *(.fini)
 .fini          0x0000000008003830        0x4 /opt/st/stm32cubeide_1.10.1/plugins/com.st.stm32cube.ide.mcu.externaltools.gnu-tools-for-stm32.10.3-2021.10.linux64_1.0.0.202111181127/tools/bin/../lib/gcc/arm-none-eabi/10.3.1/thumb/v7e-m+fp/hard/crti.o
                0x0000000008003830                _fini
 .fini          0x0000000008003834        0x8 /opt/st/stm32cubeide_1.10.1/plugins/com.st.stm32cube.ide.mcu.externaltools.gnu-tools-for-stm32.10.3-2021.10.linux64_1.0.0.202111181127/tools/bin/../lib/gcc/arm-none-eabi/10.3.1/thumb/v7e-m+fp/hard/crtn.o
                0x000000000800383c                . = ALIGN (0x4)
                0x000000000800383c                _etext = .

.vfp11_veneer   0x000000000800383c        0x0
 .vfp11_veneer  0x000000000800383c        0x0 linker stubs

.v4_bx          0x000000000800383c        0x0
 .v4_bx         0x000000000800383c        0x0 linker stubs

.iplt           0x000000000800383c        0x0
 .iplt          0x000000000800383c        0x0 /opt/st/stm32cubeide_1.10.1/plugins/com.st.stm32cube.ide.mcu.externaltools.gnu-tools-for-stm32.10.3-2021.10.linux64_1.0.0.202111181127/tools/bin/../lib/gcc/arm-none-eabi/10.3.1/thumb/v7e-m+fp/hard/crtbegin.o

.rodata         0x000000000800383c       0x20
                0x000000000800383c                . = ALIGN (0x4)
 *(.rodata)
 *(.rodata*)
 .rodata.AHBPrescTable
                0x000000000800383c       0x10 ./Core/Src/system_stm32f4xx.o
                0x000000000800383c                AHBPrescTable
 .rodata.APBPrescTable
                0x000000000800384c        0x8 ./Core/Src/system_stm32f4xx.o
                0x000000000800384c                APBPrescTable
 .rodata.flagBitshiftOffset.0
                0x0000000008003854        0x8 ./Drivers/STM32F4xx_HAL_Driver/Src/stm32f4xx_hal_dma.o
                0x000000000800385c                . = ALIGN (0x4)

.ARM.extab      0x000000000800385c        0x0
                0x000000000800385c                . = ALIGN (0x4)
 *(.ARM.extab* .gnu.linkonce.armextab.*)
                0x000000000800385c                . = ALIGN (0x4)

.ARM            0x000000000800385c        0x8
                0x000000000800385c                . = ALIGN (0x4)
                0x000000000800385c                __exidx_start = .
 *(.ARM.exidx*)
 .ARM.exidx     0x000000000800385c        0x8 /opt/st/stm32cubeide_1.10.1/plugins/com.st.stm32cube.ide.mcu.externaltools.gnu-tools-for-stm32.10.3-2021.10.linux64_1.0.0.202111181127/tools/bin/../lib/gcc/arm-none-eabi/10.3.1/thumb/v7e-m+fp/hard/libgcc.a(_udivmoddi4.o)
                0x0000000008003864                __exidx_end = .
                0x0000000008003864                . = ALIGN (0x4)

.rel.dyn        0x0000000008003864        0x0
 .rel.iplt      0x0000000008003864        0x0 /opt/st/stm32cubeide_1.10.1/plugins/com.st.stm32cube.ide.mcu.externaltools.gnu-tools-for-stm32.10.3-2021.10.linux64_1.0.0.202111181127/tools/bin/../lib/gcc/arm-none-eabi/10.3.1/thumb/v7e-m+fp/hard/crtbegin.o

.preinit_array  0x0000000008003864        0x0
                0x0000000008003864                . = ALIGN (0x4)
                0x0000000008003864                PROVIDE (__preinit_array_start = .)
 *(.preinit_array*)
                0x0000000008003864                PROVIDE (__preinit_array_end = .)
                0x0000000008003864                . = ALIGN (0x4)

.init_array     0x0000000008003864        0x4
                0x0000000008003864                . = ALIGN (0x4)
                0x0000000008003864                PROVIDE (__init_array_start = .)
 *(SORT_BY_NAME(.init_array.*))
 *(.init_array*)
 .init_array    0x0000000008003864        0x4 /opt/st/stm32cubeide_1.10.1/plugins/com.st.stm32cube.ide.mcu.externaltools.gnu-tools-for-stm32.10.3-2021.10.linux64_1.0.0.202111181127/tools/bin/../lib/gcc/arm-none-eabi/10.3.1/thumb/v7e-m+fp/hard/crtbegin.o
                0x0000000008003868                PROVIDE (__init_array_end = .)
                0x0000000008003868                . = ALIGN (0x4)

.fini_array     0x0000000008003868        0x4
                0x0000000008003868                . = ALIGN (0x4)
                [!provide]                        PROVIDE (__fini_array_start = .)
 *(SORT_BY_NAME(.fini_array.*))
 *(.fini_array*)
 .fini_array    0x0000000008003868        0x4 /opt/st/stm32cubeide_1.10.1/plugins/com.st.stm32cube.ide.mcu.externaltools.gnu-tools-for-stm32.10.3-2021.10.linux64_1.0.0.202111181127/tools/bin/../lib/gcc/arm-none-eabi/10.3.1/thumb/v7e-m+fp/hard/crtbegin.o
                [!provide]                        PROVIDE (__fini_array_end = .)
                0x000000000800386c                . = ALIGN (0x4)
                0x000000000800386c                _sidata = LOADADDR (.data)

.data           0x0000000020000000     0x2d08 load address 0x000000000800386c
                0x0000000020000000                . = ALIGN (0x4)
                0x0000000020000000                _sdata = .
 *(.data)
 *(.data*)
 .data.control  0x0000000020000000        0x4 ./Core/Src/main.o
                0x0000000020000000                control
 .data.theta    0x0000000020000004        0x4 ./Core/Src/main.o
                0x0000000020000004                theta
 .data.Dth      0x0000000020000008      0x600 ./Core/Src/mpc_workspace.o
                0x0000000020000008                Dth
 .data.M        0x0000000020000608     0x1b00 ./Core/Src/mpc_workspace.o
                0x0000000020000608                M
 .data.Rinv     0x0000000020002108      0x4b0 ./Core/Src/mpc_workspace.o
                0x0000000020002108                Rinv
 .data.Xth      0x00000000200025b8       0x40 ./Core/Src/mpc_workspace.o
                0x00000000200025b8                Xth
 .data.bin_ids  0x00000000200025f8       0x30 ./Core/Src/mpc_workspace.o
                0x00000000200025f8                bin_ids
 .data.daqp_bnb_work
                0x0000000020002628       0x2c ./Core/Src/mpc_workspace.o
                0x0000000020002628                daqp_bnb_work
 .data.daqp_work
                0x0000000020002654       0x74 ./Core/Src/mpc_workspace.o
                0x0000000020002654                daqp_work
 .data.dl       0x00000000200026c8      0x180 ./Core/Src/mpc_workspace.o
                0x00000000200026c8                dl
 .data.du       0x0000000020002848      0x180 ./Core/Src/mpc_workspace.o
                0x0000000020002848                du
 .data.scaling  0x00000000200029c8      0x180 ./Core/Src/mpc_workspace.o
                0x00000000200029c8                scaling
 .data.sense    0x0000000020002b48      0x180 ./Core/Src/mpc_workspace.o
                0x0000000020002b48                sense
 .data.settings
                0x0000000020002cc8       0x34 ./Core/Src/mpc_workspace.o
                0x0000000020002cc8                settings
 .data.SystemCoreClock
                0x0000000020002cfc        0x4 ./Core/Src/system_stm32f4xx.o
                0x0000000020002cfc                SystemCoreClock
 .data.uwTickFreq
                0x0000000020002d00        0x1 ./Drivers/STM32F4xx_HAL_Driver/Src/stm32f4xx_hal.o
                0x0000000020002d00                uwTickFreq
 *fill*         0x0000000020002d01        0x3 
 .data.uwTickPrio
                0x0000000020002d04        0x4 ./Drivers/STM32F4xx_HAL_Driver/Src/stm32f4xx_hal.o
                0x0000000020002d04                uwTickPrio
 *(.RamFunc)
 *(.RamFunc*)
                0x0000000020002d08                . = ALIGN (0x4)
                0x0000000020002d08                _edata = .

.igot.plt       0x0000000020002d08        0x0 load address 0x0000000008006574
 .igot.plt      0x0000000020002d08        0x0 /opt/st/stm32cubeide_1.10.1/plugins/com.st.stm32cube.ide.mcu.externaltools.gnu-tools-for-stm32.10.3-2021.10.linux64_1.0.0.202111181127/tools/bin/../lib/gcc/arm-none-eabi/10.3.1/thumb/v7e-m+fp/hard/crtbegin.o
                0x0000000020002d08                . = ALIGN (0x4)

.bss            0x0000000020002d08     0x12f0 load address 0x0000000008006574
                0x0000000020002d08                _sbss = .
                0x0000000020002d08                __bss_start__ = _sbss
 *(.bss)
 .bss           0x0000000020002d08       0x1c /opt/st/stm32cubeide_1.10.1/plugins/com.st.stm32cube.ide.mcu.externaltools.gnu-tools-for-stm32.10.3-2021.10.linux64_1.0.0.202111181127/tools/bin/../lib/gcc/arm-none-eabi/10.3.1/thumb/v7e-m+fp/hard/crtbegin.o
 *(.bss*)
 .bss.RxData    0x0000000020002d24       0x10 ./Core/Src/main.o
                0x0000000020002d24                RxData
 .bss.TxData    0x0000000020002d34       0x20 ./Core/Src/main.o
                0x0000000020002d34                TxData
 .bss.data_to_send
                0x0000000020002d54        0x4 ./Core/Src/main.o
                0x0000000020002d54                data_to_send
 .bss.hdma_usart2_rx
                0x0000000020002d58       0x60 ./Core/Src/main.o
                0x0000000020002d58                hdma_usart2_rx
 .bss.htim10    0x0000000020002db8       0x48 ./Core/Src/main.o
                0x0000000020002db8                htim10
 .bss.huart2    0x0000000020002e00       0x44 ./Core/Src/main.o
                0x0000000020002e00                huart2
 .bss.D         0x0000000020002e44       0x64 ./Core/Src/mpc_workspace.o
                0x0000000020002e44                D
 .bss.L         0x0000000020002ea8      0x514 ./Core/Src/mpc_workspace.o
                0x0000000020002ea8                L
 .bss.WS        0x00000000200033bc       0x64 ./Core/Src/mpc_workspace.o
                0x00000000200033bc                WS
 .bss.dlower    0x0000000020003420      0x180 ./Core/Src/mpc_workspace.o
                0x0000000020003420                dlower
 .bss.dupper    0x00000000200035a0      0x180 ./Core/Src/mpc_workspace.o
                0x00000000200035a0                dupper
 .bss.fixed_ids
                0x0000000020003720       0x34 ./Core/Src/mpc_workspace.o
                0x0000000020003720                fixed_ids
 .bss.lam       0x0000000020003754       0x64 ./Core/Src/mpc_workspace.o
                0x0000000020003754                lam
 .bss.lam_star  0x00000000200037b8       0x64 ./Core/Src/mpc_workspace.o
                0x00000000200037b8                lam_star
 .bss.tree      0x000000002000381c       0xd0 ./Core/Src/mpc_workspace.o
                0x000000002000381c                tree
 .bss.tree_WS   0x00000000200038ec      0x514 ./Core/Src/mpc_workspace.o
                0x00000000200038ec                tree_WS
 .bss.u         0x0000000020003e00       0x64 ./Core/Src/mpc_workspace.o
                0x0000000020003e00                u
 .bss.x         0x0000000020003e64       0x64 ./Core/Src/mpc_workspace.o
                0x0000000020003e64                x
 .bss.xldl      0x0000000020003ec8       0x64 ./Core/Src/mpc_workspace.o
                0x0000000020003ec8                xldl
 .bss.xold      0x0000000020003f2c       0x64 ./Core/Src/mpc_workspace.o
                0x0000000020003f2c                xold
 .bss.zldl      0x0000000020003f90       0x64 ./Core/Src/mpc_workspace.o
                0x0000000020003f90                zldl
 .bss.uwTick    0x0000000020003ff4        0x4 ./Drivers/STM32F4xx_HAL_Driver/Src/stm32f4xx_hal.o
                0x0000000020003ff4                uwTick
 *(COMMON)
                0x0000000020003ff8                . = ALIGN (0x4)
                0x0000000020003ff8                _ebss = .
                0x0000000020003ff8                __bss_end__ = _ebss

._user_heap_stack
                0x0000000020003ff8      0x600 load address 0x0000000008006574
                0x0000000020003ff8                . = ALIGN (0x8)
                [!provide]                        PROVIDE (end = .)
                0x0000000020003ff8                PROVIDE (_end = .)
                0x00000000200041f8                . = (. + _Min_Heap_Size)
 *fill*         0x0000000020003ff8      0x200 
                0x00000000200045f8                . = (. + _Min_Stack_Size)
 *fill*         0x00000000200041f8      0x400 
                0x00000000200045f8                . = ALIGN (0x8)

/DISCARD/
 libc.a(*)
 libm.a(*)
 libgcc.a(*)

.ARM.attributes
                0x0000000000000000       0x30
 *(.ARM.attributes)
 .ARM.attributes
                0x0000000000000000       0x1e /opt/st/stm32cubeide_1.10.1/plugins/com.st.stm32cube.ide.mcu.externaltools.gnu-tools-for-stm32.10.3-2021.10.linux64_1.0.0.202111181127/tools/bin/../lib/gcc/arm-none-eabi/10.3.1/thumb/v7e-m+fp/hard/crti.o
 .ARM.attributes
                0x000000000000001e       0x34 /opt/st/stm32cubeide_1.10.1/plugins/com.st.stm32cube.ide.mcu.externaltools.gnu-tools-for-stm32.10.3-2021.10.linux64_1.0.0.202111181127/tools/bin/../lib/gcc/arm-none-eabi/10.3.1/thumb/v7e-m+fp/hard/crtbegin.o
 .ARM.attributes
                0x0000000000000052       0x34 ./Core/Src/auxiliary.o
 .ARM.attributes
                0x0000000000000086       0x34 ./Core/Src/bnb.o
 .ARM.attributes
                0x00000000000000ba       0x34 ./Core/Src/daqp.o
 .ARM.attributes
                0x00000000000000ee       0x34 ./Core/Src/factorization.o
 .ARM.attributes
                0x0000000000000122       0x34 ./Core/Src/main.o
 .ARM.attributes
                0x0000000000000156       0x34 ./Core/Src/mpc_workspace.o
 .ARM.attributes
                0x000000000000018a       0x34 ./Core/Src/stm32f4xx_hal_msp.o
 .ARM.attributes
                0x00000000000001be       0x34 ./Core/Src/stm32f4xx_it.o
 .ARM.attributes
                0x00000000000001f2       0x34 ./Core/Src/system_stm32f4xx.o
 .ARM.attributes
                0x0000000000000226       0x21 ./Core/Startup/startup_stm32f411retx.o
 .ARM.attributes
                0x0000000000000247       0x34 ./Drivers/STM32F4xx_HAL_Driver/Src/stm32f4xx_hal.o
 .ARM.attributes
                0x000000000000027b       0x34 ./Drivers/STM32F4xx_HAL_Driver/Src/stm32f4xx_hal_cortex.o
 .ARM.attributes
                0x00000000000002af       0x34 ./Drivers/STM32F4xx_HAL_Driver/Src/stm32f4xx_hal_dma.o
 .ARM.attributes
                0x00000000000002e3       0x34 ./Drivers/STM32F4xx_HAL_Driver/Src/stm32f4xx_hal_gpio.o
 .ARM.attributes
                0x0000000000000317       0x34 ./Drivers/STM32F4xx_HAL_Driver/Src/stm32f4xx_hal_rcc.o
 .ARM.attributes
                0x000000000000034b       0x34 ./Drivers/STM32F4xx_HAL_Driver/Src/stm32f4xx_hal_tim.o
 .ARM.attributes
                0x000000000000037f       0x34 ./Drivers/STM32F4xx_HAL_Driver/Src/stm32f4xx_hal_uart.o
 .ARM.attributes
                0x00000000000003b3       0x34 /opt/st/stm32cubeide_1.10.1/plugins/com.st.stm32cube.ide.mcu.externaltools.gnu-tools-for-stm32.10.3-2021.10.linux64_1.0.0.202111181127/tools/bin/../lib/gcc/arm-none-eabi/10.3.1/../../../../arm-none-eabi/lib/thumb/v7e-m+fp/hard/libc_nano.a(lib_a-init.o)
 .ARM.attributes
                0x00000000000003e7       0x34 /opt/st/stm32cubeide_1.10.1/plugins/com.st.stm32cube.ide.mcu.externaltools.gnu-tools-for-stm32.10.3-2021.10.linux64_1.0.0.202111181127/tools/bin/../lib/gcc/arm-none-eabi/10.3.1/../../../../arm-none-eabi/lib/thumb/v7e-m+fp/hard/libc_nano.a(lib_a-memset.o)
 .ARM.attributes
                0x000000000000041b       0x1e /opt/st/stm32cubeide_1.10.1/plugins/com.st.stm32cube.ide.mcu.externaltools.gnu-tools-for-stm32.10.3-2021.10.linux64_1.0.0.202111181127/tools/bin/../lib/gcc/arm-none-eabi/10.3.1/thumb/v7e-m+fp/hard/libgcc.a(_aeabi_uldivmod.o)
 .ARM.attributes
                0x0000000000000439       0x34 /opt/st/stm32cubeide_1.10.1/plugins/com.st.stm32cube.ide.mcu.externaltools.gnu-tools-for-stm32.10.3-2021.10.linux64_1.0.0.202111181127/tools/bin/../lib/gcc/arm-none-eabi/10.3.1/thumb/v7e-m+fp/hard/libgcc.a(_udivmoddi4.o)
 .ARM.attributes
                0x000000000000046d       0x1e /opt/st/stm32cubeide_1.10.1/plugins/com.st.stm32cube.ide.mcu.externaltools.gnu-tools-for-stm32.10.3-2021.10.linux64_1.0.0.202111181127/tools/bin/../lib/gcc/arm-none-eabi/10.3.1/thumb/v7e-m+fp/hard/libgcc.a(_dvmd_tls.o)
 .ARM.attributes
                0x000000000000048b       0x1e /opt/st/stm32cubeide_1.10.1/plugins/com.st.stm32cube.ide.mcu.externaltools.gnu-tools-for-stm32.10.3-2021.10.linux64_1.0.0.202111181127/tools/bin/../lib/gcc/arm-none-eabi/10.3.1/thumb/v7e-m+fp/hard/crtn.o
OUTPUT(bnb_invpend_STM32F11RE.elf elf32-littlearm)
LOAD linker stubs
LOAD /opt/st/stm32cubeide_1.10.1/plugins/com.st.stm32cube.ide.mcu.externaltools.gnu-tools-for-stm32.10.3-2021.10.linux64_1.0.0.202111181127/tools/bin/../lib/gcc/arm-none-eabi/10.3.1/../../../../arm-none-eabi/lib/thumb/v7e-m+fp/hard/libc.a
LOAD /opt/st/stm32cubeide_1.10.1/plugins/com.st.stm32cube.ide.mcu.externaltools.gnu-tools-for-stm32.10.3-2021.10.linux64_1.0.0.202111181127/tools/bin/../lib/gcc/arm-none-eabi/10.3.1/../../../../arm-none-eabi/lib/thumb/v7e-m+fp/hard/libm.a
LOAD /opt/st/stm32cubeide_1.10.1/plugins/com.st.stm32cube.ide.mcu.externaltools.gnu-tools-for-stm32.10.3-2021.10.linux64_1.0.0.202111181127/tools/bin/../lib/gcc/arm-none-eabi/10.3.1/thumb/v7e-m+fp/hard/libgcc.a

.debug_info     0x0000000000000000    0x13b7b
 .debug_info    0x0000000000000000      0xc45 ./Core/Src/auxiliary.o
 .debug_info    0x0000000000000c45      0xbec ./Core/Src/bnb.o
 .debug_info    0x0000000000001831      0x73f ./Core/Src/daqp.o
 .debug_info    0x0000000000001f70      0x65d ./Core/Src/factorization.o
 .debug_info    0x00000000000025cd     0x19f4 ./Core/Src/main.o
 .debug_info    0x0000000000003fc1      0xa6f ./Core/Src/mpc_workspace.o
 .debug_info    0x0000000000004a30     0x105c ./Core/Src/stm32f4xx_hal_msp.o
 .debug_info    0x0000000000005a8c      0x6aa ./Core/Src/stm32f4xx_it.o
 .debug_info    0x0000000000006136      0x568 ./Core/Src/system_stm32f4xx.o
 .debug_info    0x000000000000669e       0x22 ./Core/Startup/startup_stm32f411retx.o
 .debug_info    0x00000000000066c0      0x9e1 ./Drivers/STM32F4xx_HAL_Driver/Src/stm32f4xx_hal.o
 .debug_info    0x00000000000070a1     0x1008 ./Drivers/STM32F4xx_HAL_Driver/Src/stm32f4xx_hal_cortex.o
 .debug_info    0x00000000000080a9      0xb82 ./Drivers/STM32F4xx_HAL_Driver/Src/stm32f4xx_hal_dma.o
 .debug_info    0x0000000000008c2b      0x7da ./Drivers/STM32F4xx_HAL_Driver/Src/stm32f4xx_hal_gpio.o
 .debug_info    0x0000000000009405      0xbb9 ./Drivers/STM32F4xx_HAL_Driver/Src/stm32f4xx_hal_rcc.o
 .debug_info    0x0000000000009fbe     0x508e ./Drivers/STM32F4xx_HAL_Driver/Src/stm32f4xx_hal_tim.o
 .debug_info    0x000000000000f04c     0x4b2f ./Drivers/STM32F4xx_HAL_Driver/Src/stm32f4xx_hal_uart.o

.debug_abbrev   0x0000000000000000     0x291c
 .debug_abbrev  0x0000000000000000      0x303 ./Core/Src/auxiliary.o
 .debug_abbrev  0x0000000000000303      0x240 ./Core/Src/bnb.o
 .debug_abbrev  0x0000000000000543      0x1e7 ./Core/Src/daqp.o
 .debug_abbrev  0x000000000000072a      0x10f ./Core/Src/factorization.o
 .debug_abbrev  0x0000000000000839      0x368 ./Core/Src/main.o
 .debug_abbrev  0x0000000000000ba1      0x22b ./Core/Src/mpc_workspace.o
 .debug_abbrev  0x0000000000000dcc      0x256 ./Core/Src/stm32f4xx_hal_msp.o
 .debug_abbrev  0x0000000000001022      0x1bb ./Core/Src/stm32f4xx_it.o
 .debug_abbrev  0x00000000000011dd      0x11c ./Core/Src/system_stm32f4xx.o
 .debug_abbrev  0x00000000000012f9       0x12 ./Core/Startup/startup_stm32f411retx.o
 .debug_abbrev  0x000000000000130b      0x2ba ./Drivers/STM32F4xx_HAL_Driver/Src/stm32f4xx_hal.o
 .debug_abbrev  0x00000000000015c5      0x363 ./Drivers/STM32F4xx_HAL_Driver/Src/stm32f4xx_hal_cortex.o
 .debug_abbrev  0x0000000000001928      0x2f3 ./Drivers/STM32F4xx_HAL_Driver/Src/stm32f4xx_hal_dma.o
 .debug_abbrev  0x0000000000001c1b      0x204 ./Drivers/STM32F4xx_HAL_Driver/Src/stm32f4xx_hal_gpio.o
 .debug_abbrev  0x0000000000001e1f      0x347 ./Drivers/STM32F4xx_HAL_Driver/Src/stm32f4xx_hal_rcc.o
 .debug_abbrev  0x0000000000002166      0x384 ./Drivers/STM32F4xx_HAL_Driver/Src/stm32f4xx_hal_tim.o
 .debug_abbrev  0x00000000000024ea      0x432 ./Drivers/STM32F4xx_HAL_Driver/Src/stm32f4xx_hal_uart.o

.debug_loc      0x0000000000000000    0x118fa
 .debug_loc     0x0000000000000000     0x1089 ./Core/Src/auxiliary.o
 .debug_loc     0x0000000000001089      0xb3c ./Core/Src/bnb.o
 .debug_loc     0x0000000000001bc5      0x469 ./Core/Src/daqp.o
 .debug_loc     0x000000000000202e      0x7ee ./Core/Src/factorization.o
 .debug_loc     0x000000000000281c       0x4f ./Core/Src/main.o
 .debug_loc     0x000000000000286b      0x97d ./Core/Src/mpc_workspace.o
 .debug_loc     0x00000000000031e8       0x54 ./Core/Src/stm32f4xx_hal_msp.o
 .debug_loc     0x000000000000323c      0x118 ./Core/Src/system_stm32f4xx.o
 .debug_loc     0x0000000000003354      0x168 ./Drivers/STM32F4xx_HAL_Driver/Src/stm32f4xx_hal.o
 .debug_loc     0x00000000000034bc      0x783 ./Drivers/STM32F4xx_HAL_Driver/Src/stm32f4xx_hal_cortex.o
 .debug_loc     0x0000000000003c3f      0xaea ./Drivers/STM32F4xx_HAL_Driver/Src/stm32f4xx_hal_dma.o
 .debug_loc     0x0000000000004729      0x50c ./Drivers/STM32F4xx_HAL_Driver/Src/stm32f4xx_hal_gpio.o
 .debug_loc     0x0000000000004c35      0x516 ./Drivers/STM32F4xx_HAL_Driver/Src/stm32f4xx_hal_rcc.o
 .debug_loc     0x000000000000514b     0x761d ./Drivers/STM32F4xx_HAL_Driver/Src/stm32f4xx_hal_tim.o
 .debug_loc     0x000000000000c768     0x5192 ./Drivers/STM32F4xx_HAL_Driver/Src/stm32f4xx_hal_uart.o

.debug_aranges  0x0000000000000000      0x968
 .debug_aranges
                0x0000000000000000       0x70 ./Core/Src/auxiliary.o
 .debug_aranges
                0x0000000000000070       0x58 ./Core/Src/bnb.o
 .debug_aranges
                0x00000000000000c8       0x38 ./Core/Src/daqp.o
 .debug_aranges
                0x0000000000000100       0x28 ./Core/Src/factorization.o
 .debug_aranges
                0x0000000000000128       0x38 ./Core/Src/main.o
 .debug_aranges
                0x0000000000000160       0x30 ./Core/Src/mpc_workspace.o
 .debug_aranges
                0x0000000000000190       0x40 ./Core/Src/stm32f4xx_hal_msp.o
 .debug_aranges
                0x00000000000001d0       0x60 ./Core/Src/stm32f4xx_it.o
 .debug_aranges
                0x0000000000000230       0x28 ./Core/Src/system_stm32f4xx.o
 .debug_aranges
                0x0000000000000258       0x28 ./Core/Startup/startup_stm32f411retx.o
 .debug_aranges
                0x0000000000000280       0xe8 ./Drivers/STM32F4xx_HAL_Driver/Src/stm32f4xx_hal.o
 .debug_aranges
                0x0000000000000368       0xa8 ./Drivers/STM32F4xx_HAL_Driver/Src/stm32f4xx_hal_cortex.o
 .debug_aranges
                0x0000000000000410       0x78 ./Drivers/STM32F4xx_HAL_Driver/Src/stm32f4xx_hal_dma.o
 .debug_aranges
                0x0000000000000488       0x58 ./Drivers/STM32F4xx_HAL_Driver/Src/stm32f4xx_hal_gpio.o
 .debug_aranges
                0x00000000000004e0       0x88 ./Drivers/STM32F4xx_HAL_Driver/Src/stm32f4xx_hal_rcc.o
 .debug_aranges
                0x0000000000000568      0x278 ./Drivers/STM32F4xx_HAL_Driver/Src/stm32f4xx_hal_tim.o
 .debug_aranges
                0x00000000000007e0      0x188 ./Drivers/STM32F4xx_HAL_Driver/Src/stm32f4xx_hal_uart.o

.debug_ranges   0x0000000000000000     0x18f8
 .debug_ranges  0x0000000000000000      0x188 ./Core/Src/auxiliary.o
 .debug_ranges  0x0000000000000188      0x2b0 ./Core/Src/bnb.o
 .debug_ranges  0x0000000000000438       0x60 ./Core/Src/daqp.o
 .debug_ranges  0x0000000000000498       0x18 ./Core/Src/factorization.o
 .debug_ranges  0x00000000000004b0      0x1a0 ./Core/Src/main.o
 .debug_ranges  0x0000000000000650       0x90 ./Core/Src/mpc_workspace.o
 .debug_ranges  0x00000000000006e0       0x90 ./Core/Src/stm32f4xx_hal_msp.o
 .debug_ranges  0x0000000000000770       0x50 ./Core/Src/stm32f4xx_it.o
 .debug_ranges  0x00000000000007c0       0x18 ./Core/Src/system_stm32f4xx.o
 .debug_ranges  0x00000000000007d8       0x20 ./Core/Startup/startup_stm32f411retx.o
 .debug_ranges  0x00000000000007f8       0xd8 ./Drivers/STM32F4xx_HAL_Driver/Src/stm32f4xx_hal.o
 .debug_ranges  0x00000000000008d0      0x190 ./Drivers/STM32F4xx_HAL_Driver/Src/stm32f4xx_hal_cortex.o
 .debug_ranges  0x0000000000000a60       0xe8 ./Drivers/STM32F4xx_HAL_Driver/Src/stm32f4xx_hal_dma.o
 .debug_ranges  0x0000000000000b48       0x60 ./Drivers/STM32F4xx_HAL_Driver/Src/stm32f4xx_hal_gpio.o
 .debug_ranges  0x0000000000000ba8      0x148 ./Drivers/STM32F4xx_HAL_Driver/Src/stm32f4xx_hal_rcc.o
 .debug_ranges  0x0000000000000cf0      0x848 ./Drivers/STM32F4xx_HAL_Driver/Src/stm32f4xx_hal_tim.o
 .debug_ranges  0x0000000000001538      0x3c0 ./Drivers/STM32F4xx_HAL_Driver/Src/stm32f4xx_hal_uart.o

.debug_macro    0x0000000000000000    0x1591f
 .debug_macro   0x0000000000000000       0x47 ./Core/Src/auxiliary.o
 .debug_macro   0x0000000000000047      0xa78 ./Core/Src/auxiliary.o
 .debug_macro   0x0000000000000abf      0x174 ./Core/Src/auxiliary.o
 .debug_macro   0x0000000000000c33      0x154 ./Core/Src/auxiliary.o
 .debug_macro   0x0000000000000d87       0x60 ./Core/Src/bnb.o
 .debug_macro   0x0000000000000de7       0x22 ./Core/Src/bnb.o
 .debug_macro   0x0000000000000e09       0x51 ./Core/Src/daqp.o
 .debug_macro   0x0000000000000e5a       0x3d ./Core/Src/factorization.o
 .debug_macro   0x0000000000000e97      0x209 ./Core/Src/main.o
 .debug_macro   0x00000000000010a0      0x29b ./Core/Src/main.o
 .debug_macro   0x000000000000133b       0x2e ./Core/Src/main.o
 .debug_macro   0x0000000000001369       0x28 ./Core/Src/main.o
 .debug_macro   0x0000000000001391       0x22 ./Core/Src/main.o
 .debug_macro   0x00000000000013b3       0x8e ./Core/Src/main.o
 .debug_macro   0x0000000000001441       0x51 ./Core/Src/main.o
 .debug_macro   0x0000000000001492      0x103 ./Core/Src/main.o
 .debug_macro   0x0000000000001595       0x6a ./Core/Src/main.o
 .debug_macro   0x00000000000015ff      0x1df ./Core/Src/main.o
 .debug_macro   0x00000000000017de       0x1c ./Core/Src/main.o
 .debug_macro   0x00000000000017fa       0x22 ./Core/Src/main.o
 .debug_macro   0x000000000000181c       0xd9 ./Core/Src/main.o
 .debug_macro   0x00000000000018f5     0x102d ./Core/Src/main.o
 .debug_macro   0x0000000000002922      0x11f ./Core/Src/main.o
 .debug_macro   0x0000000000002a41     0xb953 ./Core/Src/main.o
 .debug_macro   0x000000000000e394       0x6d ./Core/Src/main.o
 .debug_macro   0x000000000000e401     0x367e ./Core/Src/main.o
 .debug_macro   0x0000000000011a7f       0x5c ./Core/Src/main.o
 .debug_macro   0x0000000000011adb      0x447 ./Core/Src/main.o
 .debug_macro   0x0000000000011f22      0x9fe ./Core/Src/main.o
 .debug_macro   0x0000000000012920      0x115 ./Core/Src/main.o
 .debug_macro   0x0000000000012a35      0x11b ./Core/Src/main.o
 .debug_macro   0x0000000000012b50       0xa5 ./Core/Src/main.o
 .debug_macro   0x0000000000012bf5      0x15f ./Core/Src/main.o
 .debug_macro   0x0000000000012d54      0x287 ./Core/Src/main.o
 .debug_macro   0x0000000000012fdb       0x5f ./Core/Src/main.o
 .debug_macro   0x000000000001303a      0x236 ./Core/Src/main.o
 .debug_macro   0x0000000000013270      0x132 ./Core/Src/main.o
 .debug_macro   0x00000000000133a2      0x264 ./Core/Src/main.o
 .debug_macro   0x0000000000013606       0x2e ./Core/Src/main.o
 .debug_macro   0x0000000000013634      0x11a ./Core/Src/main.o
 .debug_macro   0x000000000001374e       0x85 ./Core/Src/main.o
 .debug_macro   0x00000000000137d3       0x89 ./Core/Src/main.o
 .debug_macro   0x000000000001385c      0x8e6 ./Core/Src/main.o
 .debug_macro   0x0000000000014142       0x47 ./Core/Src/main.o
 .debug_macro   0x0000000000014189      0x295 ./Core/Src/main.o
 .debug_macro   0x000000000001441e      0x126 ./Core/Src/main.o
 .debug_macro   0x0000000000014544       0x58 ./Core/Src/main.o
 .debug_macro   0x000000000001459c       0x3f ./Core/Src/main.o
 .debug_macro   0x00000000000145db       0x7e ./Core/Src/mpc_workspace.o
 .debug_macro   0x0000000000014659      0x1dd ./Core/Src/stm32f4xx_hal_msp.o
 .debug_macro   0x0000000000014836      0x1e7 ./Core/Src/stm32f4xx_it.o
 .debug_macro   0x0000000000014a1d      0x1ce ./Core/Src/system_stm32f4xx.o
 .debug_macro   0x0000000000014beb      0x22e ./Drivers/STM32F4xx_HAL_Driver/Src/stm32f4xx_hal.o
 .debug_macro   0x0000000000014e19      0x1ce ./Drivers/STM32F4xx_HAL_Driver/Src/stm32f4xx_hal_cortex.o
 .debug_macro   0x0000000000014fe7      0x1d4 ./Drivers/STM32F4xx_HAL_Driver/Src/stm32f4xx_hal_dma.o
 .debug_macro   0x00000000000151bb      0x1d4 ./Drivers/STM32F4xx_HAL_Driver/Src/stm32f4xx_hal_gpio.o
 .debug_macro   0x000000000001538f      0x1f2 ./Drivers/STM32F4xx_HAL_Driver/Src/stm32f4xx_hal_rcc.o
 .debug_macro   0x0000000000015581      0x1cf ./Drivers/STM32F4xx_HAL_Driver/Src/stm32f4xx_hal_tim.o
 .debug_macro   0x0000000000015750      0x1cf ./Drivers/STM32F4xx_HAL_Driver/Src/stm32f4xx_hal_uart.o

.debug_line     0x0000000000000000    0x143dc
 .debug_line    0x0000000000000000     0x10a4 ./Core/Src/auxiliary.o
 .debug_line    0x00000000000010a4      0xc17 ./Core/Src/bnb.o
 .debug_line    0x0000000000001cbb      0x543 ./Core/Src/daqp.o
 .debug_line    0x00000000000021fe      0x6c8 ./Core/Src/factorization.o
 .debug_line    0x00000000000028c6      0xa3f ./Core/Src/main.o
 .debug_line    0x0000000000003305      0x584 ./Core/Src/mpc_workspace.o
 .debug_line    0x0000000000003889      0x805 ./Core/Src/stm32f4xx_hal_msp.o
 .debug_line    0x000000000000408e      0x797 ./Core/Src/stm32f4xx_it.o
 .debug_line    0x0000000000004825      0x721 ./Core/Src/system_stm32f4xx.o
 .debug_line    0x0000000000004f46       0x88 ./Core/Startup/startup_stm32f411retx.o
 .debug_line    0x0000000000004fce      0xa2a ./Drivers/STM32F4xx_HAL_Driver/Src/stm32f4xx_hal.o
 .debug_line    0x00000000000059f8      0xcc8 ./Drivers/STM32F4xx_HAL_Driver/Src/stm32f4xx_hal_cortex.o
 .debug_line    0x00000000000066c0     0x13f7 ./Drivers/STM32F4xx_HAL_Driver/Src/stm32f4xx_hal_dma.o
 .debug_line    0x0000000000007ab7      0xc6b ./Drivers/STM32F4xx_HAL_Driver/Src/stm32f4xx_hal_gpio.o
 .debug_line    0x0000000000008722     0x107f ./Drivers/STM32F4xx_HAL_Driver/Src/stm32f4xx_hal_rcc.o
 .debug_line    0x00000000000097a1     0x62be ./Drivers/STM32F4xx_HAL_Driver/Src/stm32f4xx_hal_tim.o
 .debug_line    0x000000000000fa5f     0x497d ./Drivers/STM32F4xx_HAL_Driver/Src/stm32f4xx_hal_uart.o

.debug_str      0x0000000000000000    0x8a83e
 .debug_str     0x0000000000000000     0x37ec ./Core/Src/auxiliary.o
                                       0x38a7 (size before relaxing)
 .debug_str     0x00000000000037ec      0x189 ./Core/Src/bnb.o
                                       0x38ee (size before relaxing)
 .debug_str     0x0000000000003975       0x76 ./Core/Src/daqp.o
                                       0x384a (size before relaxing)
 .debug_str     0x00000000000039eb       0x6a ./Core/Src/factorization.o
                                       0x37cc (size before relaxing)
 .debug_str     0x0000000000003a55    0x84707 ./Core/Src/main.o
                                      0x880c8 (size before relaxing)
 .debug_str     0x000000000008815c       0x67 ./Core/Src/mpc_workspace.o
                                       0x393a (size before relaxing)
 .debug_str     0x00000000000881c3       0xe3 ./Core/Src/stm32f4xx_hal_msp.o
                                      0x87776 (size before relaxing)
 .debug_str     0x00000000000882a6      0x11a ./Core/Src/stm32f4xx_it.o
                                      0x86f40 (size before relaxing)
 .debug_str     0x00000000000883c0       0xdb ./Core/Src/system_stm32f4xx.o
                                      0x86a94 (size before relaxing)
 .debug_str     0x000000000008849b       0x36 ./Core/Startup/startup_stm32f411retx.o
                                         0xa1 (size before relaxing)
 .debug_str     0x00000000000884d1      0x5f0 ./Drivers/STM32F4xx_HAL_Driver/Src/stm32f4xx_hal.o
                                      0x874c0 (size before relaxing)
 .debug_str     0x0000000000088ac1      0x32d ./Drivers/STM32F4xx_HAL_Driver/Src/stm32f4xx_hal_cortex.o
                                      0x871e1 (size before relaxing)
 .debug_str     0x0000000000088dee      0x2ee ./Drivers/STM32F4xx_HAL_Driver/Src/stm32f4xx_hal_dma.o
                                      0x86e9c (size before relaxing)
 .debug_str     0x00000000000890dc      0x10e ./Drivers/STM32F4xx_HAL_Driver/Src/stm32f4xx_hal_gpio.o
                                      0x86c0f (size before relaxing)
 .debug_str     0x00000000000891ea      0x244 ./Drivers/STM32F4xx_HAL_Driver/Src/stm32f4xx_hal_rcc.o
                                      0x86ed9 (size before relaxing)
 .debug_str     0x000000000008942e      0xe66 ./Drivers/STM32F4xx_HAL_Driver/Src/stm32f4xx_hal_tim.o
                                      0x87dfc (size before relaxing)
 .debug_str     0x000000000008a294      0x5aa ./Drivers/STM32F4xx_HAL_Driver/Src/stm32f4xx_hal_uart.o
                                      0x87466 (size before relaxing)

.comment        0x0000000000000000       0x50
 .comment       0x0000000000000000       0x50 ./Core/Src/auxiliary.o
                                         0x51 (size before relaxing)
 .comment       0x0000000000000050       0x51 ./Core/Src/bnb.o
 .comment       0x0000000000000050       0x51 ./Core/Src/daqp.o
 .comment       0x0000000000000050       0x51 ./Core/Src/factorization.o
 .comment       0x0000000000000050       0x51 ./Core/Src/main.o
 .comment       0x0000000000000050       0x51 ./Core/Src/mpc_workspace.o
 .comment       0x0000000000000050       0x51 ./Core/Src/stm32f4xx_hal_msp.o
 .comment       0x0000000000000050       0x51 ./Core/Src/stm32f4xx_it.o
 .comment       0x0000000000000050       0x51 ./Core/Src/system_stm32f4xx.o
 .comment       0x0000000000000050       0x51 ./Drivers/STM32F4xx_HAL_Driver/Src/stm32f4xx_hal.o
 .comment       0x0000000000000050       0x51 ./Drivers/STM32F4xx_HAL_Driver/Src/stm32f4xx_hal_cortex.o
 .comment       0x0000000000000050       0x51 ./Drivers/STM32F4xx_HAL_Driver/Src/stm32f4xx_hal_dma.o
 .comment       0x0000000000000050       0x51 ./Drivers/STM32F4xx_HAL_Driver/Src/stm32f4xx_hal_gpio.o
 .comment       0x0000000000000050       0x51 ./Drivers/STM32F4xx_HAL_Driver/Src/stm32f4xx_hal_rcc.o
 .comment       0x0000000000000050       0x51 ./Drivers/STM32F4xx_HAL_Driver/Src/stm32f4xx_hal_tim.o
 .comment       0x0000000000000050       0x51 ./Drivers/STM32F4xx_HAL_Driver/Src/stm32f4xx_hal_uart.o

.debug_frame    0x0000000000000000     0x2020
 .debug_frame   0x0000000000000000      0x210 ./Core/Src/auxiliary.o
 .debug_frame   0x0000000000000210      0x140 ./Core/Src/bnb.o
 .debug_frame   0x0000000000000350       0xa4 ./Core/Src/daqp.o
 .debug_frame   0x00000000000003f4       0x70 ./Core/Src/factorization.o
 .debug_frame   0x0000000000000464       0x78 ./Core/Src/main.o
 .debug_frame   0x00000000000004dc       0x70 ./Core/Src/mpc_workspace.o
 .debug_frame   0x000000000000054c       0x98 ./Core/Src/stm32f4xx_hal_msp.o
 .debug_frame   0x00000000000005e4       0xc0 ./Core/Src/stm32f4xx_it.o
 .debug_frame   0x00000000000006a4       0x30 ./Core/Src/system_stm32f4xx.o
 .debug_frame   0x00000000000006d4      0x1f4 ./Drivers/STM32F4xx_HAL_Driver/Src/stm32f4xx_hal.o
 .debug_frame   0x00000000000008c8      0x164 ./Drivers/STM32F4xx_HAL_Driver/Src/stm32f4xx_hal_cortex.o
 .debug_frame   0x0000000000000a2c      0x1a0 ./Drivers/STM32F4xx_HAL_Driver/Src/stm32f4xx_hal_dma.o
 .debug_frame   0x0000000000000bcc       0xd8 ./Drivers/STM32F4xx_HAL_Driver/Src/stm32f4xx_hal_gpio.o
 .debug_frame   0x0000000000000ca4      0x18c ./Drivers/STM32F4xx_HAL_Driver/Src/stm32f4xx_hal_rcc.o
 .debug_frame   0x0000000000000e30      0xb94 ./Drivers/STM32F4xx_HAL_Driver/Src/stm32f4xx_hal_tim.o
 .debug_frame   0x00000000000019c4      0x5b0 ./Drivers/STM32F4xx_HAL_Driver/Src/stm32f4xx_hal_uart.o
 .debug_frame   0x0000000000001f74       0x2c /opt/st/stm32cubeide_1.10.1/plugins/com.st.stm32cube.ide.mcu.externaltools.gnu-tools-for-stm32.10.3-2021.10.linux64_1.0.0.202111181127/tools/bin/../lib/gcc/arm-none-eabi/10.3.1/../../../../arm-none-eabi/lib/thumb/v7e-m+fp/hard/libc_nano.a(lib_a-init.o)
 .debug_frame   0x0000000000001fa0       0x20 /opt/st/stm32cubeide_1.10.1/plugins/com.st.stm32cube.ide.mcu.externaltools.gnu-tools-for-stm32.10.3-2021.10.linux64_1.0.0.202111181127/tools/bin/../lib/gcc/arm-none-eabi/10.3.1/../../../../arm-none-eabi/lib/thumb/v7e-m+fp/hard/libc_nano.a(lib_a-memset.o)
 .debug_frame   0x0000000000001fc0       0x2c /opt/st/stm32cubeide_1.10.1/plugins/com.st.stm32cube.ide.mcu.externaltools.gnu-tools-for-stm32.10.3-2021.10.linux64_1.0.0.202111181127/tools/bin/../lib/gcc/arm-none-eabi/10.3.1/thumb/v7e-m+fp/hard/libgcc.a(_aeabi_uldivmod.o)
 .debug_frame   0x0000000000001fec       0x34 /opt/st/stm32cubeide_1.10.1/plugins/com.st.stm32cube.ide.mcu.externaltools.gnu-tools-for-stm32.10.3-2021.10.linux64_1.0.0.202111181127/tools/bin/../lib/gcc/arm-none-eabi/10.3.1/thumb/v7e-m+fp/hard/libgcc.a(_udivmoddi4.o)
